// Jest Snapshot v1, https://goo.gl/fbAQLP

exports[`matches snapshot 1`] = `
<DocumentFragment>
  <main
    class="Homepage"
  >
    <div
      class="container text-center"
    >
      <h1
        class="mb-4 fw-bold"
      >
        Jobly
      </h1>
      <p>
        A convenient but helpful way to jump start your career
      </p>
      <p
        class="Homepage-welcome lead"
      >
        Welcome Back, !
      </p>
    </div>
  </main>
</DocumentFragment>
`;
